MPLINK 5.09, LINKER
Linker Map File - Created Sun Oct 13 18:34:08 2019

                                 Section Info
                  Section       Type    Address   Location Size(Bytes)
                ---------  ---------  ---------  ---------  ---------
                   .org_0       code   0x000000    program   0x000000
                   .org_1       code   0x000000    program   0x000026



                              Program Memory Usage 
                               Start         End      
                           ---------   ---------      
                            0x000000    0x000012      
            19 out of 8454 program addresses used, program memory utilization is 0%



                              Symbols - Sorted by Name
                     Name    Address   Location    Storage File                     
                ---------  ---------  ---------  --------- ---------                
                    AZALT   0x00000a    program     static C:\Users\fatay\MPLABXProjects\FAKTORIYEL.X\faktoriyel.asm
                   CARPMA   0x000006    program     static C:\Users\fatay\MPLABXProjects\FAKTORIYEL.X\faktoriyel.asm
                     HELL   0x00000f    program     static C:\Users\fatay\MPLABXProjects\FAKTORIYEL.X\faktoriyel.asm
                   SONLAN   0x000013    program     static C:\Users\fatay\MPLABXProjects\FAKTORIYEL.X\faktoriyel.asm



                              Symbols - Sorted by Address
                     Name    Address   Location    Storage File                     
                ---------  ---------  ---------  --------- ---------                
                   CARPMA   0x000006    program     static C:\Users\fatay\MPLABXProjects\FAKTORIYEL.X\faktoriyel.asm
                    AZALT   0x00000a    program     static C:\Users\fatay\MPLABXProjects\FAKTORIYEL.X\faktoriyel.asm
                     HELL   0x00000f    program     static C:\Users\fatay\MPLABXProjects\FAKTORIYEL.X\faktoriyel.asm
                   SONLAN   0x000013    program     static C:\Users\fatay\MPLABXProjects\FAKTORIYEL.X\faktoriyel.asm


