MPLINK 5.09, LINKER
Linker Map File - Created Sat Oct 19 18:47:42 2019

                                 Section Info
                  Section       Type    Address   Location Size(Bytes)
                ---------  ---------  ---------  ---------  ---------
                   .org_0       code   0x000000    program   0x000000
                   .org_1       code   0x000000    program   0x000048



                              Program Memory Usage 
                               Start         End      
                           ---------   ---------      
                            0x000000    0x000023      
            36 out of 8454 program addresses used, program memory utilization is 0%



                              Symbols - Sorted by Name
                     Name    Address   Location    Storage File                     
                ---------  ---------  ---------  --------- ---------                
                DEG2AZALT   0x000021    program     static C:\Users\fatay\MPLABXProjects\KARASIMSEK_LATENCY.X\karasimsek.asm
                  GECIKME   0x00001a    program     static C:\Users\fatay\MPLABXProjects\KARASIMSEK_LATENCY.X\karasimsek.asm
               SAGAKAYDIR   0x000013    program     static C:\Users\fatay\MPLABXProjects\KARASIMSEK_LATENCY.X\karasimsek.asm
               SOLAKAYDIR   0x00000c    program     static C:\Users\fatay\MPLABXProjects\KARASIMSEK_LATENCY.X\karasimsek.asm



                              Symbols - Sorted by Address
                     Name    Address   Location    Storage File                     
                ---------  ---------  ---------  --------- ---------                
               SOLAKAYDIR   0x00000c    program     static C:\Users\fatay\MPLABXProjects\KARASIMSEK_LATENCY.X\karasimsek.asm
               SAGAKAYDIR   0x000013    program     static C:\Users\fatay\MPLABXProjects\KARASIMSEK_LATENCY.X\karasimsek.asm
                  GECIKME   0x00001a    program     static C:\Users\fatay\MPLABXProjects\KARASIMSEK_LATENCY.X\karasimsek.asm
                DEG2AZALT   0x000021    program     static C:\Users\fatay\MPLABXProjects\KARASIMSEK_LATENCY.X\karasimsek.asm


