MPLINK 5.09, LINKER
Linker Map File - Created Tue Nov 19 14:41:43 2019

                                 Section Info
                  Section       Type    Address   Location Size(Bytes)
                ---------  ---------  ---------  ---------  ---------
                   .org_0       code   0x000000    program   0x000000
                   .org_1       code   0x000000    program   0x000308
.config_2007_HESAP_MAKINESI.O       code   0x002007    program   0x000002



                              Program Memory Usage 
                               Start         End      
                           ---------   ---------      
                            0x000000    0x000183      
                            0x002007    0x002007      
            389 out of 8454 program addresses used, program memory utilization is 4%



                              Symbols - Sorted by Name
                     Name    Address   Location    Storage File                     
                ---------  ---------  ---------  --------- ---------                
                     ALTI   0x0000ce    program     static C:\Users\fatay\MPLABXProjects\HESAP_MAK.X\hesap_makinesi.asm
                    BASLA   0x000114    program     static C:\Users\fatay\MPLABXProjects\HESAP_MAK.X\hesap_makinesi.asm
                      BES   0x0000d4    program     static C:\Users\fatay\MPLABXProjects\HESAP_MAK.X\hesap_makinesi.asm
                      BIR   0x0000ec    program     static C:\Users\fatay\MPLABXProjects\HESAP_MAK.X\hesap_makinesi.asm
                 BIRE_ATA   0x0000b6    program     static C:\Users\fatay\MPLABXProjects\HESAP_MAK.X\hesap_makinesi.asm
              BIR_BASAMAK   0x000097    program     static C:\Users\fatay\MPLABXProjects\HESAP_MAK.X\hesap_makinesi.asm
                    BITIR   0x000184    program     static C:\Users\fatay\MPLABXProjects\HESAP_MAK.X\hesap_makinesi.asm
                    BOLME   0x0000fc    program     static C:\Users\fatay\MPLABXProjects\HESAP_MAK.X\hesap_makinesi.asm
                    BOL_F   0x000082    program     static C:\Users\fatay\MPLABXProjects\HESAP_MAK.X\hesap_makinesi.asm
                    CALIS   0x00015e    program     static C:\Users\fatay\MPLABXProjects\HESAP_MAK.X\hesap_makinesi.asm
                   CARPMA   0x000102    program     static C:\Users\fatay\MPLABXProjects\HESAP_MAK.X\hesap_makinesi.asm
                   CARP_F   0x00008b    program     static C:\Users\fatay\MPLABXProjects\HESAP_MAK.X\hesap_makinesi.asm
                  CIKARMA   0x00010e    program     static C:\Users\fatay\MPLABXProjects\HESAP_MAK.X\hesap_makinesi.asm
                  CIKAR_F   0x000079    program     static C:\Users\fatay\MPLABXProjects\HESAP_MAK.X\hesap_makinesi.asm
                CLEAR_LCD   0x00004e    program     static C:\Users\fatay\MPLABXProjects\HESAP_MAK.X\hesap_makinesi.asm
                    D50_D   0x000176    program     static C:\Users\fatay\MPLABXProjects\HESAP_MAK.X\hesap_makinesi.asm
                     D5_D   0x00016d    program     static C:\Users\fatay\MPLABXProjects\HESAP_MAK.X\hesap_makinesi.asm
              DEGERLENDIR   0x0000ad    program     static C:\Users\fatay\MPLABXProjects\HESAP_MAK.X\hesap_makinesi.asm
                     DK_D   0x00017f    program     static C:\Users\fatay\MPLABXProjects\HESAP_MAK.X\hesap_makinesi.asm
                    DNGU1   0x000166    program     static C:\Users\fatay\MPLABXProjects\HESAP_MAK.X\hesap_makinesi.asm
                    DOKUZ   0x0000bc    program     static C:\Users\fatay\MPLABXProjects\HESAP_MAK.X\hesap_makinesi.asm
                     DORT   0x0000da    program     static C:\Users\fatay\MPLABXProjects\HESAP_MAK.X\hesap_makinesi.asm
              DUSEN_KENAR   0x000002    program     static C:\Users\fatay\MPLABXProjects\HESAP_MAK.X\hesap_makinesi.asm
                    D_BOL   0x000084    program     static C:\Users\fatay\MPLABXProjects\HESAP_MAK.X\hesap_makinesi.asm
                   D_CARP   0x00008c    program     static C:\Users\fatay\MPLABXProjects\HESAP_MAK.X\hesap_makinesi.asm
                     EKSI   0x00006f    program     static C:\Users\fatay\MPLABXProjects\HESAP_MAK.X\hesap_makinesi.asm
                     ESIT   0x0000f8    program     static C:\Users\fatay\MPLABXProjects\HESAP_MAK.X\hesap_makinesi.asm
              FATIH_AYDIN   0x000046    program     static C:\Users\fatay\MPLABXProjects\HESAP_MAK.X\hesap_makinesi.asm
           GECIKME_200USN   0x000164    program     static C:\Users\fatay\MPLABXProjects\HESAP_MAK.X\hesap_makinesi.asm
            GECIKME_50MSN   0x000172    program     static C:\Users\fatay\MPLABXProjects\HESAP_MAK.X\hesap_makinesi.asm
             GECIKME_5MSN   0x000169    program     static C:\Users\fatay\MPLABXProjects\HESAP_MAK.X\hesap_makinesi.asm
           GECIKME_KEYPAD   0x00017b    program     static C:\Users\fatay\MPLABXProjects\HESAP_MAK.X\hesap_makinesi.asm
                      IKI   0x0000e6    program     static C:\Users\fatay\MPLABXProjects\HESAP_MAK.X\hesap_makinesi.asm
                IKIYE_ATA   0x0000b9    program     static C:\Users\fatay\MPLABXProjects\HESAP_MAK.X\hesap_makinesi.asm
              IKI_BASAMAK   0x00009b    program     static C:\Users\fatay\MPLABXProjects\HESAP_MAK.X\hesap_makinesi.asm
                  IKI_YAZ   0x0000a6    program     static C:\Users\fatay\MPLABXProjects\HESAP_MAK.X\hesap_makinesi.asm
            IKI_YAZ_BOLUM   0x0000a2    program     static C:\Users\fatay\MPLABXProjects\HESAP_MAK.X\hesap_makinesi.asm
          KARAKTER_GONDER   0x00001b    program     static C:\Users\fatay\MPLABXProjects\HESAP_MAK.X\hesap_makinesi.asm
            KEYPAD_AYARLA   0x000047    program     static C:\Users\fatay\MPLABXProjects\HESAP_MAK.X\hesap_makinesi.asm
            KOMUT4_GONDER   0x000008    program     static C:\Users\fatay\MPLABXProjects\HESAP_MAK.X\hesap_makinesi.asm
             KOMUT_GONDER   0x000011    program     static C:\Users\fatay\MPLABXProjects\HESAP_MAK.X\hesap_makinesi.asm
               LCD_AYARLA   0x000024    program     static C:\Users\fatay\MPLABXProjects\HESAP_MAK.X\hesap_makinesi.asm
                    SEKIZ   0x0000c2    program     static C:\Users\fatay\MPLABXProjects\HESAP_MAK.X\hesap_makinesi.asm
                    SIFIR   0x0000f2    program     static C:\Users\fatay\MPLABXProjects\HESAP_MAK.X\hesap_makinesi.asm
                    SONUC   0x00005a    program     static C:\Users\fatay\MPLABXProjects\HESAP_MAK.X\hesap_makinesi.asm
            SONUC_DENETLE   0x000091    program     static C:\Users\fatay\MPLABXProjects\HESAP_MAK.X\hesap_makinesi.asm
                SUTUN_741   0x000130    program     static C:\Users\fatay\MPLABXProjects\HESAP_MAK.X\hesap_makinesi.asm
                SUTUN_852   0x000126    program     static C:\Users\fatay\MPLABXProjects\HESAP_MAK.X\hesap_makinesi.asm
                SUTUN_963   0x00011e    program     static C:\Users\fatay\MPLABXProjects\HESAP_MAK.X\hesap_makinesi.asm
             TARA_ESITTIR   0x000150    program     static C:\Users\fatay\MPLABXProjects\HESAP_MAK.X\hesap_makinesi.asm
               TARA_ISLEM   0x00013c    program     static C:\Users\fatay\MPLABXProjects\HESAP_MAK.X\hesap_makinesi.asm
               TARA_RAKAM   0x000116    program     static C:\Users\fatay\MPLABXProjects\HESAP_MAK.X\hesap_makinesi.asm
                  TOPLAMA   0x000108    program     static C:\Users\fatay\MPLABXProjects\HESAP_MAK.X\hesap_makinesi.asm
                  TOPLA_F   0x00006b    program     static C:\Users\fatay\MPLABXProjects\HESAP_MAK.X\hesap_makinesi.asm
                       UC   0x0000e0    program     static C:\Users\fatay\MPLABXProjects\HESAP_MAK.X\hesap_makinesi.asm
                     YEDI   0x0000c8    program     static C:\Users\fatay\MPLABXProjects\HESAP_MAK.X\hesap_makinesi.asm



                              Symbols - Sorted by Address
                     Name    Address   Location    Storage File                     
                ---------  ---------  ---------  --------- ---------                
              DUSEN_KENAR   0x000002    program     static C:\Users\fatay\MPLABXProjects\HESAP_MAK.X\hesap_makinesi.asm
            KOMUT4_GONDER   0x000008    program     static C:\Users\fatay\MPLABXProjects\HESAP_MAK.X\hesap_makinesi.asm
             KOMUT_GONDER   0x000011    program     static C:\Users\fatay\MPLABXProjects\HESAP_MAK.X\hesap_makinesi.asm
          KARAKTER_GONDER   0x00001b    program     static C:\Users\fatay\MPLABXProjects\HESAP_MAK.X\hesap_makinesi.asm
               LCD_AYARLA   0x000024    program     static C:\Users\fatay\MPLABXProjects\HESAP_MAK.X\hesap_makinesi.asm
              FATIH_AYDIN   0x000046    program     static C:\Users\fatay\MPLABXProjects\HESAP_MAK.X\hesap_makinesi.asm
            KEYPAD_AYARLA   0x000047    program     static C:\Users\fatay\MPLABXProjects\HESAP_MAK.X\hesap_makinesi.asm
                CLEAR_LCD   0x00004e    program     static C:\Users\fatay\MPLABXProjects\HESAP_MAK.X\hesap_makinesi.asm
                    SONUC   0x00005a    program     static C:\Users\fatay\MPLABXProjects\HESAP_MAK.X\hesap_makinesi.asm
                  TOPLA_F   0x00006b    program     static C:\Users\fatay\MPLABXProjects\HESAP_MAK.X\hesap_makinesi.asm
                     EKSI   0x00006f    program     static C:\Users\fatay\MPLABXProjects\HESAP_MAK.X\hesap_makinesi.asm
                  CIKAR_F   0x000079    program     static C:\Users\fatay\MPLABXProjects\HESAP_MAK.X\hesap_makinesi.asm
                    BOL_F   0x000082    program     static C:\Users\fatay\MPLABXProjects\HESAP_MAK.X\hesap_makinesi.asm
                    D_BOL   0x000084    program     static C:\Users\fatay\MPLABXProjects\HESAP_MAK.X\hesap_makinesi.asm
                   CARP_F   0x00008b    program     static C:\Users\fatay\MPLABXProjects\HESAP_MAK.X\hesap_makinesi.asm
                   D_CARP   0x00008c    program     static C:\Users\fatay\MPLABXProjects\HESAP_MAK.X\hesap_makinesi.asm
            SONUC_DENETLE   0x000091    program     static C:\Users\fatay\MPLABXProjects\HESAP_MAK.X\hesap_makinesi.asm
              BIR_BASAMAK   0x000097    program     static C:\Users\fatay\MPLABXProjects\HESAP_MAK.X\hesap_makinesi.asm
              IKI_BASAMAK   0x00009b    program     static C:\Users\fatay\MPLABXProjects\HESAP_MAK.X\hesap_makinesi.asm
            IKI_YAZ_BOLUM   0x0000a2    program     static C:\Users\fatay\MPLABXProjects\HESAP_MAK.X\hesap_makinesi.asm
                  IKI_YAZ   0x0000a6    program     static C:\Users\fatay\MPLABXProjects\HESAP_MAK.X\hesap_makinesi.asm
              DEGERLENDIR   0x0000ad    program     static C:\Users\fatay\MPLABXProjects\HESAP_MAK.X\hesap_makinesi.asm
                 BIRE_ATA   0x0000b6    program     static C:\Users\fatay\MPLABXProjects\HESAP_MAK.X\hesap_makinesi.asm
                IKIYE_ATA   0x0000b9    program     static C:\Users\fatay\MPLABXProjects\HESAP_MAK.X\hesap_makinesi.asm
                    DOKUZ   0x0000bc    program     static C:\Users\fatay\MPLABXProjects\HESAP_MAK.X\hesap_makinesi.asm
                    SEKIZ   0x0000c2    program     static C:\Users\fatay\MPLABXProjects\HESAP_MAK.X\hesap_makinesi.asm
                     YEDI   0x0000c8    program     static C:\Users\fatay\MPLABXProjects\HESAP_MAK.X\hesap_makinesi.asm
                     ALTI   0x0000ce    program     static C:\Users\fatay\MPLABXProjects\HESAP_MAK.X\hesap_makinesi.asm
                      BES   0x0000d4    program     static C:\Users\fatay\MPLABXProjects\HESAP_MAK.X\hesap_makinesi.asm
                     DORT   0x0000da    program     static C:\Users\fatay\MPLABXProjects\HESAP_MAK.X\hesap_makinesi.asm
                       UC   0x0000e0    program     static C:\Users\fatay\MPLABXProjects\HESAP_MAK.X\hesap_makinesi.asm
                      IKI   0x0000e6    program     static C:\Users\fatay\MPLABXProjects\HESAP_MAK.X\hesap_makinesi.asm
                      BIR   0x0000ec    program     static C:\Users\fatay\MPLABXProjects\HESAP_MAK.X\hesap_makinesi.asm
                    SIFIR   0x0000f2    program     static C:\Users\fatay\MPLABXProjects\HESAP_MAK.X\hesap_makinesi.asm
                     ESIT   0x0000f8    program     static C:\Users\fatay\MPLABXProjects\HESAP_MAK.X\hesap_makinesi.asm
                    BOLME   0x0000fc    program     static C:\Users\fatay\MPLABXProjects\HESAP_MAK.X\hesap_makinesi.asm
                   CARPMA   0x000102    program     static C:\Users\fatay\MPLABXProjects\HESAP_MAK.X\hesap_makinesi.asm
                  TOPLAMA   0x000108    program     static C:\Users\fatay\MPLABXProjects\HESAP_MAK.X\hesap_makinesi.asm
                  CIKARMA   0x00010e    program     static C:\Users\fatay\MPLABXProjects\HESAP_MAK.X\hesap_makinesi.asm
                    BASLA   0x000114    program     static C:\Users\fatay\MPLABXProjects\HESAP_MAK.X\hesap_makinesi.asm
               TARA_RAKAM   0x000116    program     static C:\Users\fatay\MPLABXProjects\HESAP_MAK.X\hesap_makinesi.asm
                SUTUN_963   0x00011e    program     static C:\Users\fatay\MPLABXProjects\HESAP_MAK.X\hesap_makinesi.asm
                SUTUN_852   0x000126    program     static C:\Users\fatay\MPLABXProjects\HESAP_MAK.X\hesap_makinesi.asm
                SUTUN_741   0x000130    program     static C:\Users\fatay\MPLABXProjects\HESAP_MAK.X\hesap_makinesi.asm
               TARA_ISLEM   0x00013c    program     static C:\Users\fatay\MPLABXProjects\HESAP_MAK.X\hesap_makinesi.asm
             TARA_ESITTIR   0x000150    program     static C:\Users\fatay\MPLABXProjects\HESAP_MAK.X\hesap_makinesi.asm
                    CALIS   0x00015e    program     static C:\Users\fatay\MPLABXProjects\HESAP_MAK.X\hesap_makinesi.asm
           GECIKME_200USN   0x000164    program     static C:\Users\fatay\MPLABXProjects\HESAP_MAK.X\hesap_makinesi.asm
                    DNGU1   0x000166    program     static C:\Users\fatay\MPLABXProjects\HESAP_MAK.X\hesap_makinesi.asm
             GECIKME_5MSN   0x000169    program     static C:\Users\fatay\MPLABXProjects\HESAP_MAK.X\hesap_makinesi.asm
                     D5_D   0x00016d    program     static C:\Users\fatay\MPLABXProjects\HESAP_MAK.X\hesap_makinesi.asm
            GECIKME_50MSN   0x000172    program     static C:\Users\fatay\MPLABXProjects\HESAP_MAK.X\hesap_makinesi.asm
                    D50_D   0x000176    program     static C:\Users\fatay\MPLABXProjects\HESAP_MAK.X\hesap_makinesi.asm
           GECIKME_KEYPAD   0x00017b    program     static C:\Users\fatay\MPLABXProjects\HESAP_MAK.X\hesap_makinesi.asm
                     DK_D   0x00017f    program     static C:\Users\fatay\MPLABXProjects\HESAP_MAK.X\hesap_makinesi.asm
                    BITIR   0x000184    program     static C:\Users\fatay\MPLABXProjects\HESAP_MAK.X\hesap_makinesi.asm


