MPLINK 5.09, LINKER
Linker Map File - Created Mon Nov 04 14:19:14 2019

                                 Section Info
                  Section       Type    Address   Location Size(Bytes)
                ---------  ---------  ---------  ---------  ---------
                   .org_0       code   0x000000    program   0x000000
                   .org_1       code   0x000000    program   0x0000b0
     .config_2007_ODEV1.O       code   0x002007    program   0x000002



                              Program Memory Usage 
                               Start         End      
                           ---------   ---------      
                            0x000000    0x000057      
                            0x002007    0x002007      
            89 out of 8454 program addresses used, program memory utilization is 1%



                              Symbols - Sorted by Name
                     Name    Address   Location    Storage File                     
                ---------  ---------  ---------  --------- ---------                
               BUTONDONGU   0x000014    program     static C:\Users\fatay\MPLABXProjects\ODEV1.X\odev1.asm
                DEG2AZALT   0x000055    program     static C:\Users\fatay\MPLABXProjects\ODEV1.X\odev1.asm
               ELDE_ARTIR   0x000022    program     static C:\Users\fatay\MPLABXProjects\ODEV1.X\odev1.asm
                 ELDE_VAR   0x000043    program     static C:\Users\fatay\MPLABXProjects\ODEV1.X\odev1.asm
                 ELDE_YOK   0x000038    program     static C:\Users\fatay\MPLABXProjects\ODEV1.X\odev1.asm
                  GECIKME   0x00004e    program     static C:\Users\fatay\MPLABXProjects\ODEV1.X\odev1.asm
                  GERISAY   0x00002d    program     static C:\Users\fatay\MPLABXProjects\ODEV1.X\odev1.asm
                 ILERISAY   0x000017    program     static C:\Users\fatay\MPLABXProjects\ODEV1.X\odev1.asm
                  RESETLE   0x00000c    program     static C:\Users\fatay\MPLABXProjects\ODEV1.X\odev1.asm



                              Symbols - Sorted by Address
                     Name    Address   Location    Storage File                     
                ---------  ---------  ---------  --------- ---------                
                  RESETLE   0x00000c    program     static C:\Users\fatay\MPLABXProjects\ODEV1.X\odev1.asm
               BUTONDONGU   0x000014    program     static C:\Users\fatay\MPLABXProjects\ODEV1.X\odev1.asm
                 ILERISAY   0x000017    program     static C:\Users\fatay\MPLABXProjects\ODEV1.X\odev1.asm
               ELDE_ARTIR   0x000022    program     static C:\Users\fatay\MPLABXProjects\ODEV1.X\odev1.asm
                  GERISAY   0x00002d    program     static C:\Users\fatay\MPLABXProjects\ODEV1.X\odev1.asm
                 ELDE_YOK   0x000038    program     static C:\Users\fatay\MPLABXProjects\ODEV1.X\odev1.asm
                 ELDE_VAR   0x000043    program     static C:\Users\fatay\MPLABXProjects\ODEV1.X\odev1.asm
                  GECIKME   0x00004e    program     static C:\Users\fatay\MPLABXProjects\ODEV1.X\odev1.asm
                DEG2AZALT   0x000055    program     static C:\Users\fatay\MPLABXProjects\ODEV1.X\odev1.asm


