MPLINK 5.09, LINKER
Linker Map File - Created Sat Nov 09 18:25:19 2019

                                 Section Info
                  Section       Type    Address   Location Size(Bytes)
                ---------  ---------  ---------  ---------  ---------
                   .org_0       code   0x000000    program   0x000000
                   .org_1       code   0x000000    program   0x000004
                   .org_2       code   0x000004    program   0x00004a
.config_2007_TIMER0_LED.O       code   0x002007    program   0x000002



                              Program Memory Usage 
                               Start         End      
                           ---------   ---------      
                            0x000000    0x000001      
                            0x000004    0x000028      
                            0x002007    0x002007      
            40 out of 8454 program addresses used, program memory utilization is 0%



                              Symbols - Sorted by Name
                     Name    Address   Location    Storage File                     
                ---------  ---------  ---------  --------- ---------                
                    CALIS   0x000028    program     static C:\Users\fatay\MPLABXProjects\TMR0_LED.X\timer0_led.asm
                    DONUS   0x000014    program     static C:\Users\fatay\MPLABXProjects\TMR0_LED.X\timer0_led.asm
               ON_AYARLAR   0x00001b    program     static C:\Users\fatay\MPLABXProjects\TMR0_LED.X\timer0_led.asm



                              Symbols - Sorted by Address
                     Name    Address   Location    Storage File                     
                ---------  ---------  ---------  --------- ---------                
                    DONUS   0x000014    program     static C:\Users\fatay\MPLABXProjects\TMR0_LED.X\timer0_led.asm
               ON_AYARLAR   0x00001b    program     static C:\Users\fatay\MPLABXProjects\TMR0_LED.X\timer0_led.asm
                    CALIS   0x000028    program     static C:\Users\fatay\MPLABXProjects\TMR0_LED.X\timer0_led.asm


