MPLINK 5.09, LINKER
Linker Map File - Created Sun Dec 15 00:12:19 2019

                                 Section Info
                  Section       Type    Address   Location Size(Bytes)
                ---------  ---------  ---------  ---------  ---------
                   .org_0       code   0x000000    program   0x000000
                   .org_1       code   0x000000    program   0x0000de



                              Program Memory Usage 
                               Start         End      
                           ---------   ---------      
                            0x000000    0x00006e      
            111 out of 8454 program addresses used, program memory utilization is 1%



                              Symbols - Sorted by Name
                     Name    Address   Location    Storage File                     
                ---------  ---------  ---------  --------- ---------                
            ASENKRON_AYAR   0x000001    program     static C:\Users\fatay\MPLABXProjects\USART.X\usart.asm
                    BASLA   0x00004a    program     static C:\Users\fatay\MPLABXProjects\USART.X\usart.asm
                    BITIR   0x00006f    program     static C:\Users\fatay\MPLABXProjects\USART.X\usart.asm
                    D50_D   0x00006a    program     static C:\Users\fatay\MPLABXProjects\USART.X\usart.asm
                     D5_D   0x000061    program     static C:\Users\fatay\MPLABXProjects\USART.X\usart.asm
                    DNGU1   0x00005a    program     static C:\Users\fatay\MPLABXProjects\USART.X\usart.asm
              DUSEN_KENAR   0x00000e    program     static C:\Users\fatay\MPLABXProjects\USART.X\usart.asm
           GECIKME_200USN   0x000058    program     static C:\Users\fatay\MPLABXProjects\USART.X\usart.asm
            GECIKME_50MSN   0x000066    program     static C:\Users\fatay\MPLABXProjects\USART.X\usart.asm
             GECIKME_5MSN   0x00005d    program     static C:\Users\fatay\MPLABXProjects\USART.X\usart.asm
          KARAKTER_GONDER   0x000027    program     static C:\Users\fatay\MPLABXProjects\USART.X\usart.asm
            KOMUT4_GONDER   0x000014    program     static C:\Users\fatay\MPLABXProjects\USART.X\usart.asm
             KOMUT_GONDER   0x00001d    program     static C:\Users\fatay\MPLABXProjects\USART.X\usart.asm
               LCD_AYARLA   0x000030    program     static C:\Users\fatay\MPLABXProjects\USART.X\usart.asm
             VERI_KONTROL   0x000050    program     static C:\Users\fatay\MPLABXProjects\USART.X\usart.asm



                              Symbols - Sorted by Address
                     Name    Address   Location    Storage File                     
                ---------  ---------  ---------  --------- ---------                
            ASENKRON_AYAR   0x000001    program     static C:\Users\fatay\MPLABXProjects\USART.X\usart.asm
              DUSEN_KENAR   0x00000e    program     static C:\Users\fatay\MPLABXProjects\USART.X\usart.asm
            KOMUT4_GONDER   0x000014    program     static C:\Users\fatay\MPLABXProjects\USART.X\usart.asm
             KOMUT_GONDER   0x00001d    program     static C:\Users\fatay\MPLABXProjects\USART.X\usart.asm
          KARAKTER_GONDER   0x000027    program     static C:\Users\fatay\MPLABXProjects\USART.X\usart.asm
               LCD_AYARLA   0x000030    program     static C:\Users\fatay\MPLABXProjects\USART.X\usart.asm
                    BASLA   0x00004a    program     static C:\Users\fatay\MPLABXProjects\USART.X\usart.asm
             VERI_KONTROL   0x000050    program     static C:\Users\fatay\MPLABXProjects\USART.X\usart.asm
           GECIKME_200USN   0x000058    program     static C:\Users\fatay\MPLABXProjects\USART.X\usart.asm
                    DNGU1   0x00005a    program     static C:\Users\fatay\MPLABXProjects\USART.X\usart.asm
             GECIKME_5MSN   0x00005d    program     static C:\Users\fatay\MPLABXProjects\USART.X\usart.asm
                     D5_D   0x000061    program     static C:\Users\fatay\MPLABXProjects\USART.X\usart.asm
            GECIKME_50MSN   0x000066    program     static C:\Users\fatay\MPLABXProjects\USART.X\usart.asm
                    D50_D   0x00006a    program     static C:\Users\fatay\MPLABXProjects\USART.X\usart.asm
                    BITIR   0x00006f    program     static C:\Users\fatay\MPLABXProjects\USART.X\usart.asm


