MPLINK 5.09, LINKER
Linker Map File - Created Tue Oct 22 14:27:08 2019

                                 Section Info
                  Section       Type    Address   Location Size(Bytes)
                ---------  ---------  ---------  ---------  ---------
                   .org_0       code   0x000000    program   0x000004
                   .cinit    romdata   0x000002    program   0x000004
                   .org_1       code   0x000004    program   0x00004a
.config_2007_BUILD/DEFAULT/PRODUCTION/RBZERO.       code   0x002007    program   0x000002



                              Program Memory Usage 
                               Start         End      
                           ---------   ---------      
                            0x000000    0x000028      
                            0x002007    0x002007      
            42 out of 8454 program addresses used, program memory utilization is 0%



                              Symbols - Sorted by Name
                     Name    Address   Location    Storage File                     
                ---------  ---------  ---------  --------- ---------                
                    BASLA   0x00001a    program     static C:\Users\fatay\MPLABXProjects\RBZERO_INTERRUPT.X\rbzero.asm
                   BIRYAP   0x00000e    program     static C:\Users\fatay\MPLABXProjects\RBZERO_INTERRUPT.X\rbzero.asm
                    CIKIS   0x000012    program     static C:\Users\fatay\MPLABXProjects\RBZERO_INTERRUPT.X\rbzero.asm
                    DONGU   0x00001b    program     static C:\Users\fatay\MPLABXProjects\RBZERO_INTERRUPT.X\rbzero.asm
               PROPERTIES   0x00001c    program     static C:\Users\fatay\MPLABXProjects\RBZERO_INTERRUPT.X\rbzero.asm
                 SIFIRYAP   0x000010    program     static C:\Users\fatay\MPLABXProjects\RBZERO_INTERRUPT.X\rbzero.asm



                              Symbols - Sorted by Address
                     Name    Address   Location    Storage File                     
                ---------  ---------  ---------  --------- ---------                
                   BIRYAP   0x00000e    program     static C:\Users\fatay\MPLABXProjects\RBZERO_INTERRUPT.X\rbzero.asm
                 SIFIRYAP   0x000010    program     static C:\Users\fatay\MPLABXProjects\RBZERO_INTERRUPT.X\rbzero.asm
                    CIKIS   0x000012    program     static C:\Users\fatay\MPLABXProjects\RBZERO_INTERRUPT.X\rbzero.asm
                    BASLA   0x00001a    program     static C:\Users\fatay\MPLABXProjects\RBZERO_INTERRUPT.X\rbzero.asm
                    DONGU   0x00001b    program     static C:\Users\fatay\MPLABXProjects\RBZERO_INTERRUPT.X\rbzero.asm
               PROPERTIES   0x00001c    program     static C:\Users\fatay\MPLABXProjects\RBZERO_INTERRUPT.X\rbzero.asm


