MPLINK 5.09, LINKER
Linker Map File - Created Tue Dec 03 14:15:37 2019

                                 Section Info
                  Section       Type    Address   Location Size(Bytes)
                ---------  ---------  ---------  ---------  ---------
                   .org_0       code   0x000000    program   0x000000
                   .org_1       code   0x000000    program   0x000114
.config_2007_PWM_DENEME.O       code   0x002007    program   0x000002



                              Program Memory Usage 
                               Start         End      
                           ---------   ---------      
                            0x000000    0x000089      
                            0x002007    0x002007      
            139 out of 8454 program addresses used, program memory utilization is 1%



                              Symbols - Sorted by Name
                     Name    Address   Location    Storage File                     
                ---------  ---------  ---------  --------- ---------                
                    BASLA   0x000002    program     static C:\Users\fatay\MPLABXProjects\PWM_DENEME.X\pwm_deneme.asm
                  GECIKME   0x000056    program     static C:\Users\fatay\MPLABXProjects\PWM_DENEME.X\pwm_deneme.asm
                 GECIKME1   0x000058    program     static C:\Users\fatay\MPLABXProjects\PWM_DENEME.X\pwm_deneme.asm
                 GECIKME2   0x00005a    program     static C:\Users\fatay\MPLABXProjects\PWM_DENEME.X\pwm_deneme.asm
                  KONTROL   0x000027    program     static C:\Users\fatay\MPLABXProjects\PWM_DENEME.X\pwm_deneme.asm
         PARLAKLIK1_ARTIR   0x000032    program     static C:\Users\fatay\MPLABXProjects\PWM_DENEME.X\pwm_deneme.asm
         PARLAKLIK1_AZALT   0x00003b    program     static C:\Users\fatay\MPLABXProjects\PWM_DENEME.X\pwm_deneme.asm
         PARLAKLIK2_ARTIR   0x000044    program     static C:\Users\fatay\MPLABXProjects\PWM_DENEME.X\pwm_deneme.asm
         PARLAKLIK2_AZALT   0x00004d    program     static C:\Users\fatay\MPLABXProjects\PWM_DENEME.X\pwm_deneme.asm
                PWM_ISLEM   0x00005f    program     static C:\Users\fatay\MPLABXProjects\PWM_DENEME.X\pwm_deneme.asm



                              Symbols - Sorted by Address
                     Name    Address   Location    Storage File                     
                ---------  ---------  ---------  --------- ---------                
                    BASLA   0x000002    program     static C:\Users\fatay\MPLABXProjects\PWM_DENEME.X\pwm_deneme.asm
                  KONTROL   0x000027    program     static C:\Users\fatay\MPLABXProjects\PWM_DENEME.X\pwm_deneme.asm
         PARLAKLIK1_ARTIR   0x000032    program     static C:\Users\fatay\MPLABXProjects\PWM_DENEME.X\pwm_deneme.asm
         PARLAKLIK1_AZALT   0x00003b    program     static C:\Users\fatay\MPLABXProjects\PWM_DENEME.X\pwm_deneme.asm
         PARLAKLIK2_ARTIR   0x000044    program     static C:\Users\fatay\MPLABXProjects\PWM_DENEME.X\pwm_deneme.asm
         PARLAKLIK2_AZALT   0x00004d    program     static C:\Users\fatay\MPLABXProjects\PWM_DENEME.X\pwm_deneme.asm
                  GECIKME   0x000056    program     static C:\Users\fatay\MPLABXProjects\PWM_DENEME.X\pwm_deneme.asm
                 GECIKME1   0x000058    program     static C:\Users\fatay\MPLABXProjects\PWM_DENEME.X\pwm_deneme.asm
                 GECIKME2   0x00005a    program     static C:\Users\fatay\MPLABXProjects\PWM_DENEME.X\pwm_deneme.asm
                PWM_ISLEM   0x00005f    program     static C:\Users\fatay\MPLABXProjects\PWM_DENEME.X\pwm_deneme.asm


