MPLINK 5.09, LINKER
Linker Map File - Created Fri Oct 18 17:33:22 2019

                                 Section Info
                  Section       Type    Address   Location Size(Bytes)
                ---------  ---------  ---------  ---------  ---------
                   .org_0       code   0x000000    program   0x000000
                   .org_1       code   0x000000    program   0x000004
                   .org_2       code   0x000004    program   0x000042
    .config_2007_RBZERO.O       code   0x002007    program   0x000002



                              Program Memory Usage 
                               Start         End      
                           ---------   ---------      
                            0x000000    0x000001      
                            0x000004    0x000024      
                            0x002007    0x002007      
            36 out of 8454 program addresses used, program memory utilization is 0%



                              Symbols - Sorted by Name
                     Name    Address   Location    Storage File                     
                ---------  ---------  ---------  --------- ---------                
              AYARLAMALAR   0x000014    program     static C:\Users\fatay\MPLABXProjects\RBO_INTERRUPT.X\rbzero.asm
                    BASLA   0x000023    program     static C:\Users\fatay\MPLABXProjects\RBO_INTERRUPT.X\rbzero.asm
                    DONGU   0x000024    program     static C:\Users\fatay\MPLABXProjects\RBO_INTERRUPT.X\rbzero.asm



                              Symbols - Sorted by Address
                     Name    Address   Location    Storage File                     
                ---------  ---------  ---------  --------- ---------                
              AYARLAMALAR   0x000014    program     static C:\Users\fatay\MPLABXProjects\RBO_INTERRUPT.X\rbzero.asm
                    BASLA   0x000023    program     static C:\Users\fatay\MPLABXProjects\RBO_INTERRUPT.X\rbzero.asm
                    DONGU   0x000024    program     static C:\Users\fatay\MPLABXProjects\RBO_INTERRUPT.X\rbzero.asm


